[train: 1, 50 / 1875] FPS: 47.1 (143.4)  ,  DataTime: 0.421 (0.076)  ,  ForwardTime: 0.183  ,  TotalTime: 0.680  ,  Loss/total: 61.64511  ,  Loss/giou: 1.16577  ,  Loss/l1: 0.28065  ,  Loss/location: 57.81869  ,  pro_loss: 0.45816  ,  IoU: 0.08196
[train: 1, 100 / 1875] FPS: 53.0 (135.0)  ,  DataTime: 0.374 (0.069)  ,  ForwardTime: 0.160  ,  TotalTime: 0.604  ,  Loss/total: 41.90629  ,  Loss/giou: 1.13031  ,  Loss/l1: 0.26486  ,  Loss/location: 38.23873  ,  pro_loss: 0.41319  ,  IoU: 0.09014
[train: 1, 150 / 1875] FPS: 54.9 (135.5)  ,  DataTime: 0.364 (0.067)  ,  ForwardTime: 0.152  ,  TotalTime: 0.583  ,  Loss/total: 31.79523  ,  Loss/giou: 1.10690  ,  Loss/l1: 0.25293  ,  Loss/location: 28.24335  ,  pro_loss: 0.36704  ,  IoU: 0.09785
[train: 1, 200 / 1875] FPS: 56.2 (133.8)  ,  DataTime: 0.351 (0.070)  ,  ForwardTime: 0.148  ,  TotalTime: 0.569  ,  Loss/total: 25.84488  ,  Loss/giou: 1.08249  ,  Loss/l1: 0.24047  ,  Loss/location: 22.41185  ,  pro_loss: 0.32842  ,  IoU: 0.11276
[train: 1, 250 / 1875] FPS: 56.9 (133.7)  ,  DataTime: 0.345 (0.072)  ,  ForwardTime: 0.145  ,  TotalTime: 0.562  ,  Loss/total: 21.90555  ,  Loss/giou: 1.05626  ,  Loss/l1: 0.22716  ,  Loss/location: 18.59722  ,  pro_loss: 0.30008  ,  IoU: 0.13267
[train: 1, 300 / 1875] FPS: 57.6 (124.2)  ,  DataTime: 0.338 (0.073)  ,  ForwardTime: 0.144  ,  TotalTime: 0.555  ,  Loss/total: 19.09525  ,  Loss/giou: 1.03060  ,  Loss/l1: 0.21376  ,  Loss/location: 15.90924  ,  pro_loss: 0.28004  ,  IoU: 0.15306
[train: 1, 350 / 1875] FPS: 48.1 (117.8)  ,  DataTime: 0.431 (0.073)  ,  ForwardTime: 0.161  ,  TotalTime: 0.666  ,  Loss/total: 16.90982  ,  Loss/giou: 0.99268  ,  Loss/l1: 0.19865  ,  Loss/location: 13.87816  ,  pro_loss: 0.26527  ,  IoU: 0.18284
[train: 1, 400 / 1875] FPS: 49.3 (123.9)  ,  DataTime: 0.416 (0.074)  ,  ForwardTime: 0.159  ,  TotalTime: 0.649  ,  Loss/total: 15.22278  ,  Loss/giou: 0.95738  ,  Loss/l1: 0.18561  ,  Loss/location: 12.32905  ,  pro_loss: 0.25459  ,  IoU: 0.21092
[train: 1, 450 / 1875] FPS: 46.3 (71.4)  ,  DataTime: 0.451 (0.074)  ,  ForwardTime: 0.166  ,  TotalTime: 0.691  ,  Loss/total: 13.85951  ,  Loss/giou: 0.92213  ,  Loss/l1: 0.17400  ,  Loss/location: 11.09601  ,  pro_loss: 0.24629  ,  IoU: 0.23915
[train: 1, 50 / 1875] FPS: 63.7 (136.0)  ,  DataTime: 0.263 (0.076)  ,  ForwardTime: 0.163  ,  TotalTime: 0.502  ,  Loss/total: 61.64511  ,  Loss/giou: 1.16577  ,  Loss/l1: 0.28065  ,  Loss/location: 57.81869  ,  pro_loss: 0.45816  ,  IoU: 0.08196
[train: 1, 100 / 1875] FPS: 75.2 (133.3)  ,  DataTime: 0.197 (0.078)  ,  ForwardTime: 0.151  ,  TotalTime: 0.426  ,  Loss/total: 41.90629  ,  Loss/giou: 1.13031  ,  Loss/l1: 0.26486  ,  Loss/location: 38.23873  ,  pro_loss: 0.41319  ,  IoU: 0.09014
[train: 1, 150 / 1875] FPS: 79.2 (140.0)  ,  DataTime: 0.181 (0.076)  ,  ForwardTime: 0.147  ,  TotalTime: 0.404  ,  Loss/total: 31.79523  ,  Loss/giou: 1.10690  ,  Loss/l1: 0.25293  ,  Loss/location: 28.24335  ,  pro_loss: 0.36704  ,  IoU: 0.09785
[train: 1, 50 / 1875] FPS: 68.0 (135.7)  ,  DataTime: 0.238 (0.078)  ,  ForwardTime: 0.153  ,  TotalTime: 0.470  ,  Loss/total: 61.64511  ,  Loss/giou: 1.16577  ,  Loss/l1: 0.28065  ,  Loss/location: 57.81869  ,  pro_loss: 0.45816  ,  IoU: 0.08196
[train: 1, 100 / 1875] FPS: 80.2 (134.1)  ,  DataTime: 0.178 (0.078)  ,  ForwardTime: 0.144  ,  TotalTime: 0.399  ,  Loss/total: 41.90629  ,  Loss/giou: 1.13031  ,  Loss/l1: 0.26486  ,  Loss/location: 38.23873  ,  pro_loss: 0.41319  ,  IoU: 0.09014
[train: 1, 150 / 1875] FPS: 84.8 (140.3)  ,  DataTime: 0.164 (0.074)  ,  ForwardTime: 0.140  ,  TotalTime: 0.377  ,  Loss/total: 31.79523  ,  Loss/giou: 1.10690  ,  Loss/l1: 0.25293  ,  Loss/location: 28.24335  ,  pro_loss: 0.36704  ,  IoU: 0.09785
[train: 1, 200 / 1875] FPS: 87.3 (128.9)  ,  DataTime: 0.156 (0.073)  ,  ForwardTime: 0.138  ,  TotalTime: 0.367  ,  Loss/total: 25.84488  ,  Loss/giou: 1.08249  ,  Loss/l1: 0.24047  ,  Loss/location: 22.41185  ,  pro_loss: 0.32842  ,  IoU: 0.11276
[train: 1, 250 / 1875] FPS: 88.3 (127.4)  ,  DataTime: 0.152 (0.074)  ,  ForwardTime: 0.137  ,  TotalTime: 0.362  ,  Loss/total: 21.90555  ,  Loss/giou: 1.05626  ,  Loss/l1: 0.22716  ,  Loss/location: 18.59722  ,  pro_loss: 0.30008  ,  IoU: 0.13267
[train: 1, 300 / 1875] FPS: 88.7 (134.7)  ,  DataTime: 0.150 (0.075)  ,  ForwardTime: 0.136  ,  TotalTime: 0.361  ,  Loss/total: 19.09525  ,  Loss/giou: 1.03060  ,  Loss/l1: 0.21376  ,  Loss/location: 15.90924  ,  pro_loss: 0.28004  ,  IoU: 0.15306
[train: 1, 350 / 1875] FPS: 88.6 (130.8)  ,  DataTime: 0.149 (0.076)  ,  ForwardTime: 0.136  ,  TotalTime: 0.361  ,  Loss/total: 16.90982  ,  Loss/giou: 0.99268  ,  Loss/l1: 0.19865  ,  Loss/location: 13.87816  ,  pro_loss: 0.26527  ,  IoU: 0.18284
[train: 1, 400 / 1875] FPS: 89.4 (133.2)  ,  DataTime: 0.146 (0.076)  ,  ForwardTime: 0.136  ,  TotalTime: 0.358  ,  Loss/total: 15.22278  ,  Loss/giou: 0.95738  ,  Loss/l1: 0.18561  ,  Loss/location: 12.32905  ,  pro_loss: 0.25459  ,  IoU: 0.21092
[train: 1, 450 / 1875] FPS: 89.4 (127.6)  ,  DataTime: 0.145 (0.077)  ,  ForwardTime: 0.136  ,  TotalTime: 0.358  ,  Loss/total: 13.85951  ,  Loss/giou: 0.92213  ,  Loss/l1: 0.17400  ,  Loss/location: 11.09601  ,  pro_loss: 0.24629  ,  IoU: 0.23915
[train: 1, 500 / 1875] FPS: 88.8 (122.9)  ,  DataTime: 0.147 (0.077)  ,  ForwardTime: 0.136  ,  TotalTime: 0.360  ,  Loss/total: 12.74853  ,  Loss/giou: 0.88949  ,  Loss/l1: 0.16380  ,  Loss/location: 10.10262  ,  pro_loss: 0.23956  ,  IoU: 0.26469
[train: 1, 550 / 1875] FPS: 87.3 (128.9)  ,  DataTime: 0.154 (0.078)  ,  ForwardTime: 0.135  ,  TotalTime: 0.367  ,  Loss/total: 11.82794  ,  Loss/giou: 0.86064  ,  Loss/l1: 0.15528  ,  Loss/location: 9.28346  ,  pro_loss: 0.23406  ,  IoU: 0.28759
[train: 1, 600 / 1875] FPS: 86.2 (123.1)  ,  DataTime: 0.158 (0.078)  ,  ForwardTime: 0.135  ,  TotalTime: 0.371  ,  Loss/total: 11.04264  ,  Loss/giou: 0.83306  ,  Loss/l1: 0.14751  ,  Loss/location: 8.59311  ,  pro_loss: 0.22940  ,  IoU: 0.30905
[train: 1, 650 / 1875] FPS: 85.3 (139.3)  ,  DataTime: 0.162 (0.079)  ,  ForwardTime: 0.134  ,  TotalTime: 0.375  ,  Loss/total: 10.36746  ,  Loss/giou: 0.80747  ,  Loss/l1: 0.14055  ,  Loss/location: 8.00471  ,  pro_loss: 0.22535  ,  IoU: 0.32869
[train: 1, 700 / 1875] FPS: 84.7 (130.0)  ,  DataTime: 0.165 (0.079)  ,  ForwardTime: 0.134  ,  TotalTime: 0.378  ,  Loss/total: 9.78433  ,  Loss/giou: 0.78453  ,  Loss/l1: 0.13446  ,  Loss/location: 7.49864  ,  pro_loss: 0.22156  ,  IoU: 0.34645
[train: 1, 750 / 1875] FPS: 84.0 (131.1)  ,  DataTime: 0.168 (0.079)  ,  ForwardTime: 0.134  ,  TotalTime: 0.381  ,  Loss/total: 9.27755  ,  Loss/giou: 0.76441  ,  Loss/l1: 0.12908  ,  Loss/location: 7.05971  ,  pro_loss: 0.21817  ,  IoU: 0.36186
[train: 1, 800 / 1875] FPS: 83.6 (147.6)  ,  DataTime: 0.170 (0.079)  ,  ForwardTime: 0.133  ,  TotalTime: 0.383  ,  Loss/total: 8.83052  ,  Loss/giou: 0.74660  ,  Loss/l1: 0.12443  ,  Loss/location: 6.67212  ,  pro_loss: 0.21522  ,  IoU: 0.37573
[train: 1, 850 / 1875] FPS: 82.9 (130.3)  ,  DataTime: 0.173 (0.080)  ,  ForwardTime: 0.133  ,  TotalTime: 0.386  ,  Loss/total: 8.43087  ,  Loss/giou: 0.72962  ,  Loss/l1: 0.12008  ,  Loss/location: 6.32876  ,  pro_loss: 0.21253  ,  IoU: 0.38888
[train: 1, 900 / 1875] FPS: 80.2 (100.2)  ,  DataTime: 0.184 (0.080)  ,  ForwardTime: 0.135  ,  TotalTime: 0.399  ,  Loss/total: 8.07856  ,  Loss/giou: 0.71525  ,  Loss/l1: 0.11637  ,  Loss/location: 6.02416  ,  pro_loss: 0.21009  ,  IoU: 0.40017
[train: 1, 950 / 1875] FPS: 74.1 (105.7)  ,  DataTime: 0.209 (0.080)  ,  ForwardTime: 0.142  ,  TotalTime: 0.432  ,  Loss/total: 7.76286  ,  Loss/giou: 0.70257  ,  Loss/l1: 0.11309  ,  Loss/location: 5.75068  ,  pro_loss: 0.20793  ,  IoU: 0.41010
[train: 1, 1000 / 1875] FPS: 69.7 (105.7)  ,  DataTime: 0.231 (0.080)  ,  ForwardTime: 0.148  ,  TotalTime: 0.459  ,  Loss/total: 7.47797  ,  Loss/giou: 0.69051  ,  Loss/l1: 0.11001  ,  Loss/location: 5.50567  ,  pro_loss: 0.20599  ,  IoU: 0.41945
[train: 1, 1050 / 1875] FPS: 65.6 (27.0)  ,  DataTime: 0.254 (0.080)  ,  ForwardTime: 0.154  ,  TotalTime: 0.488  ,  Loss/total: 7.21627  ,  Loss/giou: 0.67895  ,  Loss/l1: 0.10711  ,  Loss/location: 5.28196  ,  pro_loss: 0.20422  ,  IoU: 0.42826
[train: 1, 1100 / 1875] FPS: 63.3 (142.5)  ,  DataTime: 0.269 (0.079)  ,  ForwardTime: 0.157  ,  TotalTime: 0.506  ,  Loss/total: 6.98014  ,  Loss/giou: 0.66893  ,  Loss/l1: 0.10468  ,  Loss/location: 5.07834  ,  pro_loss: 0.20259  ,  IoU: 0.43615
[train: 1, 1150 / 1875] FPS: 63.8 (119.2)  ,  DataTime: 0.267 (0.078)  ,  ForwardTime: 0.155  ,  TotalTime: 0.501  ,  Loss/total: 6.76104  ,  Loss/giou: 0.65882  ,  Loss/l1: 0.10221  ,  Loss/location: 4.89212  ,  pro_loss: 0.20110  ,  IoU: 0.44397
[train: 1, 1200 / 1875] FPS: 64.3 (134.2)  ,  DataTime: 0.266 (0.078)  ,  ForwardTime: 0.154  ,  TotalTime: 0.498  ,  Loss/total: 6.56198  ,  Loss/giou: 0.65002  ,  Loss/l1: 0.10005  ,  Loss/location: 4.72177  ,  pro_loss: 0.19973  ,  IoU: 0.45087
[train: 1, 1250 / 1875] FPS: 64.7 (140.7)  ,  DataTime: 0.264 (0.077)  ,  ForwardTime: 0.153  ,  TotalTime: 0.495  ,  Loss/total: 6.37435  ,  Loss/giou: 0.64114  ,  Loss/l1: 0.09797  ,  Loss/location: 4.56255  ,  pro_loss: 0.19845  ,  IoU: 0.45779
[train: 1, 1300 / 1875] FPS: 65.1 (130.7)  ,  DataTime: 0.262 (0.077)  ,  ForwardTime: 0.152  ,  TotalTime: 0.492  ,  Loss/total: 6.20346  ,  Loss/giou: 0.63312  ,  Loss/l1: 0.09601  ,  Loss/location: 4.41771  ,  pro_loss: 0.19727  ,  IoU: 0.46395
[train: 1, 1350 / 1875] FPS: 65.4 (143.0)  ,  DataTime: 0.261 (0.078)  ,  ForwardTime: 0.151  ,  TotalTime: 0.490  ,  Loss/total: 6.04221  ,  Loss/giou: 0.62521  ,  Loss/l1: 0.09417  ,  Loss/location: 4.28169  ,  pro_loss: 0.19617  ,  IoU: 0.47012
[train: 1, 1400 / 1875] FPS: 65.7 (135.6)  ,  DataTime: 0.259 (0.078)  ,  ForwardTime: 0.150  ,  TotalTime: 0.487  ,  Loss/total: 5.89172  ,  Loss/giou: 0.61786  ,  Loss/l1: 0.09242  ,  Loss/location: 4.15489  ,  pro_loss: 0.19515  ,  IoU: 0.47577
[train: 1, 1450 / 1875] FPS: 66.0 (122.9)  ,  DataTime: 0.258 (0.078)  ,  ForwardTime: 0.149  ,  TotalTime: 0.485  ,  Loss/total: 5.74948  ,  Loss/giou: 0.61058  ,  Loss/l1: 0.09075  ,  Loss/location: 4.03575  ,  pro_loss: 0.19420  ,  IoU: 0.48140
[train: 1, 1500 / 1875] FPS: 66.2 (64.5)  ,  DataTime: 0.258 (0.076)  ,  ForwardTime: 0.149  ,  TotalTime: 0.483  ,  Loss/total: 5.61883  ,  Loss/giou: 0.60419  ,  Loss/l1: 0.08921  ,  Loss/location: 3.92573  ,  pro_loss: 0.19330  ,  IoU: 0.48629
[train: 1, 1550 / 1875] FPS: 66.4 (129.6)  ,  DataTime: 0.257 (0.076)  ,  ForwardTime: 0.148  ,  TotalTime: 0.482  ,  Loss/total: 5.49222  ,  Loss/giou: 0.59728  ,  Loss/l1: 0.08759  ,  Loss/location: 3.82120  ,  pro_loss: 0.19247  ,  IoU: 0.49149
[train: 1, 1600 / 1875] FPS: 66.7 (56.3)  ,  DataTime: 0.257 (0.076)  ,  ForwardTime: 0.147  ,  TotalTime: 0.480  ,  Loss/total: 5.37601  ,  Loss/giou: 0.59126  ,  Loss/l1: 0.08624  ,  Loss/location: 3.72396  ,  pro_loss: 0.19168  ,  IoU: 0.49622
[train: 1, 1650 / 1875] FPS: 66.9 (97.3)  ,  DataTime: 0.257 (0.075)  ,  ForwardTime: 0.146  ,  TotalTime: 0.478  ,  Loss/total: 5.26639  ,  Loss/giou: 0.58545  ,  Loss/l1: 0.08492  ,  Loss/location: 3.63273  ,  pro_loss: 0.19096  ,  IoU: 0.50072
[train: 1, 1700 / 1875] FPS: 67.2 (138.1)  ,  DataTime: 0.257 (0.074)  ,  ForwardTime: 0.146  ,  TotalTime: 0.477  ,  Loss/total: 5.16135  ,  Loss/giou: 0.57962  ,  Loss/l1: 0.08356  ,  Loss/location: 3.54624  ,  pro_loss: 0.19027  ,  IoU: 0.50513
[train: 1, 1750 / 1875] FPS: 67.3 (105.1)  ,  DataTime: 0.257 (0.073)  ,  ForwardTime: 0.145  ,  TotalTime: 0.476  ,  Loss/total: 5.06436  ,  Loss/giou: 0.57466  ,  Loss/l1: 0.08242  ,  Loss/location: 3.46500  ,  pro_loss: 0.18963  ,  IoU: 0.50903
[train: 1, 1800 / 1875] FPS: 67.5 (137.8)  ,  DataTime: 0.257 (0.072)  ,  ForwardTime: 0.145  ,  TotalTime: 0.474  ,  Loss/total: 4.97079  ,  Loss/giou: 0.56950  ,  Loss/l1: 0.08125  ,  Loss/location: 3.38774  ,  pro_loss: 0.18901  ,  IoU: 0.51299
[train: 1, 1850 / 1875] FPS: 67.2 (31.2)  ,  DataTime: 0.260 (0.072)  ,  ForwardTime: 0.144  ,  TotalTime: 0.476  ,  Loss/total: 4.88292  ,  Loss/giou: 0.56477  ,  Loss/l1: 0.08015  ,  Loss/location: 3.31494  ,  pro_loss: 0.18842  ,  IoU: 0.51662
[train: 1, 1875 / 1875] FPS: 66.3 (123.7)  ,  DataTime: 0.266 (0.072)  ,  ForwardTime: 0.145  ,  TotalTime: 0.482  ,  Loss/total: 4.84054  ,  Loss/giou: 0.56244  ,  Loss/l1: 0.07964  ,  Loss/location: 3.27985  ,  pro_loss: 0.18813  ,  IoU: 0.51844
[train: 2, 50 / 1875] FPS: 27.9 (102.5)  ,  DataTime: 0.825 (0.078)  ,  ForwardTime: 0.243  ,  TotalTime: 1.147  ,  Loss/total: 1.65504  ,  Loss/giou: 0.37819  ,  Loss/l1: 0.03865  ,  Loss/location: 0.67204  ,  pro_loss: 0.16688  ,  IoU: 0.65988
[train: 2, 100 / 1875] FPS: 34.1 (127.9)  ,  DataTime: 0.651 (0.071)  ,  ForwardTime: 0.216  ,  TotalTime: 0.938  ,  Loss/total: 1.64294  ,  Loss/giou: 0.37581  ,  Loss/l1: 0.03896  ,  Loss/location: 0.66309  ,  pro_loss: 0.16703  ,  IoU: 0.66344
[train: 2, 150 / 1875] FPS: 41.5 (133.3)  ,  DataTime: 0.525 (0.061)  ,  ForwardTime: 0.185  ,  TotalTime: 0.771  ,  Loss/total: 1.64151  ,  Loss/giou: 0.37519  ,  Loss/l1: 0.03864  ,  Loss/location: 0.66453  ,  pro_loss: 0.16702  ,  IoU: 0.66315
[train: 2, 200 / 1875] FPS: 45.9 (54.1)  ,  DataTime: 0.471 (0.056)  ,  ForwardTime: 0.171  ,  TotalTime: 0.697  ,  Loss/total: 1.62996  ,  Loss/giou: 0.37327  ,  Loss/l1: 0.03836  ,  Loss/location: 0.65820  ,  pro_loss: 0.16703  ,  IoU: 0.66488
[train: 2, 250 / 1875] FPS: 49.6 (52.4)  ,  DataTime: 0.430 (0.053)  ,  ForwardTime: 0.162  ,  TotalTime: 0.645  ,  Loss/total: 1.63920  ,  Loss/giou: 0.37599  ,  Loss/l1: 0.03899  ,  Loss/location: 0.65883  ,  pro_loss: 0.16714  ,  IoU: 0.66349
[train: 2, 300 / 1875] FPS: 51.9 (142.2)  ,  DataTime: 0.407 (0.053)  ,  ForwardTime: 0.156  ,  TotalTime: 0.616  ,  Loss/total: 1.63551  ,  Loss/giou: 0.37437  ,  Loss/l1: 0.03897  ,  Loss/location: 0.65849  ,  pro_loss: 0.16711  ,  IoU: 0.66475
